outside
outside
outside
boundary
outside
outside
outside
outside
boundary
inside
outside
outside
outside
boundary
inside
inside
boundary
outside
outside
inside
inside
inside
inside
outside
outside
inside
inside
inside
inside
boundary
boundary
boundary
boundary
boundary
outside
outside

